// Jest Snapshot v1, https://goo.gl/fbAQLP

exports[`lume-bar-chart.vue mounts component and sets prop values 1`] = `<!---->`;
