// Vitest Snapshot v1

exports[`lume-bar-chart.vue > mounts component and sets prop values 1`] = `<!---->`;
